// Jest Snapshot v1, https://goo.gl/fbAQLP

exports[`App renders correctly 1`] = `
<RNCSafeAreaProvider
  onInsetsChange={[Function]}
  style={
    Array [
      Object {
        "flex": 1,
      },
      undefined,
    ]
  }
>
  <RNSScreenNavigationContainer
    style={
      Object {
        "flex": 1,
        "overflow": "hidden",
      }
    }
  >
    <RNSScreen
      activityState={2}
      collapsable={false}
      forwardedRef={[Function]}
      gestureResponseDistance={
        Object {
          "bottom": -1,
          "end": -1,
          "start": -1,
          "top": -1,
        }
      }
      style={
        Object {
          "bottom": 0,
          "left": 0,
          "position": "absolute",
          "right": 0,
          "top": 0,
          "zIndex": 0,
        }
      }
    >
      <View
        accessibilityElementsHidden={false}
        importantForAccessibility="auto"
        style={
          Array [
            Object {
              "backgroundColor": "rgb(242, 242, 242)",
              "flex": 1,
            },
            Array [
              Object {
                "flex": 1,
                "flexDirection": "column-reverse",
              },
              undefined,
            ],
          ]
        }
      >
        <View
          style={
            Object {
              "flex": 1,
            }
          }
        >
          <View
            style={
              Array [
                Object {
                  "flex": 1,
                },
                undefined,
              ]
            }
          >
            <RNSScreenStack
              style={
                Object {
                  "flex": 1,
                }
              }
            >
              <RNSScreen
                collapsable={false}
                forwardedRef={[Function]}
                gestureResponseDistance={
                  Object {
                    "bottom": -1,
                    "end": -1,
                    "start": -1,
                    "top": -1,
                  }
                }
                nativeBackButtonDismissalEnabled={false}
                onAppear={[Function]}
                onDisappear={[Function]}
                onDismissed={[Function]}
                onHeaderBackButtonClicked={[Function]}
                onNativeDismissCancelled={[Function]}
                onTransitionProgress={[Function]}
                onWillDisappear={[Function]}
                replaceAnimation="push"
                stackPresentation="push"
                style={
                  Object {
                    "bottom": 0,
                    "left": 0,
                    "position": "absolute",
                    "right": 0,
                    "top": 0,
                  }
                }
                swipeDirection="horizontal"
              >
                <RNSScreenStackHeaderConfig
                  backButtonInCustomView={false}
                  backgroundColor="rgb(255, 255, 255)"
                  color="rgb(0, 122, 255)"
                  direction="ltr"
                  disableBackButtonMenu={false}
                  hidden={false}
                  hideBackButton={false}
                  largeTitleHideShadow={false}
                  title="Cartegories"
                  titleColor="rgb(28, 28, 30)"
                  topInsetEnabled={false}
                  translucent={false}
                />
                <View
                  style={
                    Array [
                      Object {
                        "flex": 1,
                      },
                      Object {
                        "backgroundColor": "rgb(242, 242, 242)",
                      },
                      undefined,
                    ]
                  }
                >
                  <RCTSafeAreaView
                    emulateUnlessSupported={true}
                    style={
                      Array [
                        Object {
                          "alignItems": "center",
                          "backgroundColor": "#fff",
                          "flexBasis": 0,
                          "flexGrow": 1,
                          "flexShrink": 1,
                          "justifyContent": "\\"center\\"",
                        },
                      ]
                    }
                  >
                    <View
                      style={
                        Array [
                          Object {
                            "boderRadius": 10,
                            "borderColor": "black",
                            "borderStyle": "solid",
                            "borderWidth": 0.3,
                            "flexDirection": "\\"row\\"",
                            "height": 60,
                            "justifyContent": "\\"spacebetween\\"",
                            "paddingBottom": 10,
                            "paddingLeft": 10,
                            "paddingRight": 10,
                            "paddingTop": 10,
                            "width": "100%",
                          },
                        ]
                      }
                    >
                      <TextInput
                        onChangeText={[Function]}
                        onEndEditing={[Function]}
                        placeholder="search keywords?"
                        style={
                          Array [
                            Object {
                              "color": "#010101",
                              "flexBasis": 0,
                              "flexGrow": 1,
                              "flexShrink": 1,
                              "fontSize": 18,
                              "height": 60,
                              "marginRight": 10,
                              "width": "100%",
                            },
                          ]
                        }
                      />
                      <Text />
                    </View>
                    <View
                      height={25}
                      style={
                        Array [
                          Object {
                            "height": 25,
                          },
                        ]
                      }
                    />
                    <View
                      accessible={true}
                      collapsable={false}
                      focusable={true}
                      onClick={[Function]}
                      onResponderGrant={[Function]}
                      onResponderMove={[Function]}
                      onResponderRelease={[Function]}
                      onResponderTerminate={[Function]}
                      onResponderTerminationRequest={[Function]}
                      onStartShouldSetResponder={[Function]}
                      style={
                        Object {
                          "alignItems": "center",
                          "backgroundColor": "#0066FF",
                          "borderRadius": 20,
                          "height": 45,
                          "justifyContent": "center",
                          "marginLeft": 12,
                          "opacity": 1,
                          "width": 150,
                        }
                      }
                      testID="button"
                    >
                      <Text
                        style={
                          Array [
                            Object {
                              "color": "#000",
                              "fontSize": 18,
                              "fontWeight": "500",
                              "textAlign": "center",
                            },
                          ]
                        }
                        testID="button-text"
                      >
                        Search Jokes
                      </Text>
                    </View>
                    <View
                      height={15}
                      style={
                        Array [
                          Object {
                            "height": 15,
                          },
                        ]
                      }
                    />
                    <RCTScrollView
                      showsVerticalScrollIndicator={false}
                      style={
                        Array [
                          Object {
                            "backgroundColor": "#fff",
                            "flexBasis": 0,
                            "flexGrow": 1,
                            "flexShrink": 1,
                          },
                        ]
                      }
                    >
                      <View>
                        <View
                          style={
                            Array [
                              Object {
                                "alignItems": "center",
                                "backgroundColor": "#fff",
                                "justifyContent": "\\"center\\"",
                                "paddingBottom": 10,
                                "paddingLeft": 10,
                                "paddingRight": 10,
                                "paddingTop": 10,
                              },
                            ]
                          }
                        />
                      </View>
                    </RCTScrollView>
                  </RCTSafeAreaView>
                </View>
              </RNSScreen>
            </RNSScreenStack>
          </View>
        </View>
      </View>
    </RNSScreen>
  </RNSScreenNavigationContainer>
  <View
    collapsable={false}
    onLayout={[Function]}
    pointerEvents="auto"
    style={
      Object {
        "backgroundColor": "rgb(255, 255, 255)",
        "borderTopColor": "rgb(216, 216, 216)",
        "borderTopWidth": 0.5,
        "bottom": 0,
        "elevation": 8,
        "height": 49,
        "left": 0,
        "paddingBottom": 0,
        "paddingHorizontal": 0,
        "position": null,
        "right": 0,
        "transform": Array [
          Object {
            "translateY": 0,
          },
        ],
      }
    }
  >
    <View
      pointerEvents="none"
      style={
        Object {
          "bottom": 0,
          "left": 0,
          "position": "absolute",
          "right": 0,
          "top": 0,
        }
      }
    />
    <View
      accessibilityRole="tablist"
      style={
        Object {
          "flex": 1,
          "flexDirection": "row",
        }
      }
    >
      <View
        accessibilityRole="button"
        accessibilityState={
          Object {
            "selected": true,
          }
        }
        accessibilityStates={
          Array [
            "selected",
          ]
        }
        accessible={true}
        collapsable={false}
        focusable={true}
        onBlur={[Function]}
        onClick={[Function]}
        onFocus={[Function]}
        onResponderGrant={[Function]}
        onResponderMove={[Function]}
        onResponderRelease={[Function]}
        onResponderTerminate={[Function]}
        onResponderTerminationRequest={[Function]}
        onStartShouldSetResponder={[Function]}
        style={
          Array [
            Object {
              "alignItems": "center",
              "flex": 1,
            },
            Object {
              "backgroundColor": "transparent",
            },
            Object {
              "flexDirection": "column",
              "justifyContent": "flex-end",
            },
            undefined,
          ]
        }
      >
        <View
          style={
            Array [
              Object {
                "flex": 1,
              },
              undefined,
            ]
          }
        >
          <View
            style={
              Array [
                Object {
                  "alignItems": "center",
                  "alignSelf": "center",
                  "height": "100%",
                  "justifyContent": "center",
                  "minWidth": 25,
                  "position": "absolute",
                  "width": "100%",
                },
                Object {
                  "opacity": 1,
                },
              ]
            }
          >
            <Text />
          </View>
          <View
            style={
              Array [
                Object {
                  "alignItems": "center",
                  "alignSelf": "center",
                  "height": "100%",
                  "justifyContent": "center",
                  "minWidth": 25,
                  "position": "absolute",
                  "width": "100%",
                },
                Object {
                  "opacity": 0,
                },
              ]
            }
          >
            <Text />
          </View>
        </View>
        <Text
          style={
            Array [
              Object {
                "color": "#000",
                "fontSize": 16,
                "marginBottom": 5,
                "textAlign": "center",
              },
              Object {
                "marginTop": 5,
              },
            ]
          }
        >
          home
        </Text>
      </View>
      <View
        accessibilityRole="button"
        accessibilityState={
          Object {
            "selected": false,
          }
        }
        accessibilityStates={Array []}
        accessible={true}
        collapsable={false}
        focusable={true}
        onBlur={[Function]}
        onClick={[Function]}
        onFocus={[Function]}
        onResponderGrant={[Function]}
        onResponderMove={[Function]}
        onResponderRelease={[Function]}
        onResponderTerminate={[Function]}
        onResponderTerminationRequest={[Function]}
        onStartShouldSetResponder={[Function]}
        style={
          Array [
            Object {
              "alignItems": "center",
              "flex": 1,
            },
            Object {
              "backgroundColor": "transparent",
            },
            Object {
              "flexDirection": "column",
              "justifyContent": "flex-end",
            },
            undefined,
          ]
        }
      >
        <View
          style={
            Array [
              Object {
                "flex": 1,
              },
              undefined,
            ]
          }
        >
          <View
            style={
              Array [
                Object {
                  "alignItems": "center",
                  "alignSelf": "center",
                  "height": "100%",
                  "justifyContent": "center",
                  "minWidth": 25,
                  "position": "absolute",
                  "width": "100%",
                },
                Object {
                  "opacity": 0,
                },
              ]
            }
          >
            <Text />
          </View>
          <View
            style={
              Array [
                Object {
                  "alignItems": "center",
                  "alignSelf": "center",
                  "height": "100%",
                  "justifyContent": "center",
                  "minWidth": 25,
                  "position": "absolute",
                  "width": "100%",
                },
                Object {
                  "opacity": 1,
                },
              ]
            }
          >
            <Text />
          </View>
        </View>
        <Text
          style={
            Array [
              Object {
                "color": "#000",
                "fontSize": 16,
                "marginBottom": 5,
                "textAlign": "center",
              },
            ]
          }
        >
          results
        </Text>
      </View>
    </View>
  </View>
</RNCSafeAreaProvider>
`;
